Creating test database for alias 'default'...
📧 Using MailHog for emails (localhost:1025)
   View emails at: http://localhost:8025
Found 28 test(s).
System check identified no issues (0 silenced).
.EE.........EE...........EEF
======================================================================
ERROR: test_artist_dashboard_requires_artist_user (orders.tests.test_orders.ArtistOrderViewTests.test_artist_dashboard_requires_artist_user)
Test artist dashboard requires artist user type.
----------------------------------------------------------------------
Traceback (most recent call last):
  File "/Users/josegalan/Documents/jersey_artwork/orders/tests/test_orders.py", line 524, in test_artist_dashboard_requires_artist_user
    response = self.client.get(reverse('orders:artist_dashboard'))
               ^^^^^^^^^^^^^^^^^^^^^^^^^^^^^^^^^^^^^^^^^^^^^^^^^^^
  File "/Users/josegalan/Documents/jersey_artwork/venv/lib/python3.12/site-packages/django/test/client.py", line 1049, in get
    response = super().get(path, data=data, secure=secure, headers=headers, **extra)
               ^^^^^^^^^^^^^^^^^^^^^^^^^^^^^^^^^^^^^^^^^^^^^^^^^^^^^^^^^^^^^^^^^^^^^
  File "/Users/josegalan/Documents/jersey_artwork/venv/lib/python3.12/site-packages/django/test/client.py", line 465, in get
    return self.generic(
           ^^^^^^^^^^^^^
  File "/Users/josegalan/Documents/jersey_artwork/venv/lib/python3.12/site-packages/django/test/client.py", line 617, in generic
    return self.request(**r)
           ^^^^^^^^^^^^^^^^^
  File "/Users/josegalan/Documents/jersey_artwork/venv/lib/python3.12/site-packages/django/test/client.py", line 1013, in request
    self.check_exception(response)
  File "/Users/josegalan/Documents/jersey_artwork/venv/lib/python3.12/site-packages/django/test/client.py", line 743, in check_exception
    raise exc_value
  File "/Users/josegalan/Documents/jersey_artwork/venv/lib/python3.12/site-packages/django/core/handlers/exception.py", line 55, in inner
    response = get_response(request)
               ^^^^^^^^^^^^^^^^^^^^^
  File "/Users/josegalan/Documents/jersey_artwork/venv/lib/python3.12/site-packages/django/core/handlers/base.py", line 197, in _get_response
    response = wrapped_callback(request, *callback_args, **callback_kwargs)
               ^^^^^^^^^^^^^^^^^^^^^^^^^^^^^^^^^^^^^^^^^^^^^^^^^^^^^^^^^^^^
  File "/Users/josegalan/Documents/jersey_artwork/venv/lib/python3.12/site-packages/django/views/generic/base.py", line 104, in view
    return self.dispatch(request, *args, **kwargs)
           ^^^^^^^^^^^^^^^^^^^^^^^^^^^^^^^^^^^^^^^
  File "/Users/josegalan/Documents/jersey_artwork/orders/views.py", line 387, in dispatch
    return redirect('home')
           ^^^^^^^^^^^^^^^^
  File "/Users/josegalan/Documents/jersey_artwork/venv/lib/python3.12/site-packages/django/shortcuts.py", line 49, in redirect
    return redirect_class(resolve_url(to, *args, **kwargs))
                          ^^^^^^^^^^^^^^^^^^^^^^^^^^^^^^^^
  File "/Users/josegalan/Documents/jersey_artwork/venv/lib/python3.12/site-packages/django/shortcuts.py", line 180, in resolve_url
    return reverse(to, args=args, kwargs=kwargs)
           ^^^^^^^^^^^^^^^^^^^^^^^^^^^^^^^^^^^^^
  File "/Users/josegalan/Documents/jersey_artwork/venv/lib/python3.12/site-packages/django/urls/base.py", line 88, in reverse
    return resolver._reverse_with_prefix(view, prefix, *args, **kwargs)
           ^^^^^^^^^^^^^^^^^^^^^^^^^^^^^^^^^^^^^^^^^^^^^^^^^^^^^^^^^^^^
  File "/Users/josegalan/Documents/jersey_artwork/venv/lib/python3.12/site-packages/django/urls/resolvers.py", line 851, in _reverse_with_prefix
    raise NoReverseMatch(msg)
django.urls.exceptions.NoReverseMatch: Reverse for 'home' not found. 'home' is not a valid view function or pattern name.

======================================================================
ERROR: test_artist_order_detail_view (orders.tests.test_orders.ArtistOrderViewTests.test_artist_order_detail_view)
Test artist can view order details for orders with their artwork.
----------------------------------------------------------------------
Traceback (most recent call last):
  File "/Users/josegalan/Documents/jersey_artwork/orders/tests/test_orders.py", line 545, in test_artist_order_detail_view
    response = self.client.get(
               ^^^^^^^^^^^^^^^^
  File "/Users/josegalan/Documents/jersey_artwork/venv/lib/python3.12/site-packages/django/test/client.py", line 1049, in get
    response = super().get(path, data=data, secure=secure, headers=headers, **extra)
               ^^^^^^^^^^^^^^^^^^^^^^^^^^^^^^^^^^^^^^^^^^^^^^^^^^^^^^^^^^^^^^^^^^^^^
  File "/Users/josegalan/Documents/jersey_artwork/venv/lib/python3.12/site-packages/django/test/client.py", line 465, in get
    return self.generic(
           ^^^^^^^^^^^^^
  File "/Users/josegalan/Documents/jersey_artwork/venv/lib/python3.12/site-packages/django/test/client.py", line 617, in generic
    return self.request(**r)
           ^^^^^^^^^^^^^^^^^
  File "/Users/josegalan/Documents/jersey_artwork/venv/lib/python3.12/site-packages/django/test/client.py", line 1013, in request
    self.check_exception(response)
  File "/Users/josegalan/Documents/jersey_artwork/venv/lib/python3.12/site-packages/django/test/client.py", line 743, in check_exception
    raise exc_value
  File "/Users/josegalan/Documents/jersey_artwork/venv/lib/python3.12/site-packages/django/core/handlers/exception.py", line 55, in inner
    response = get_response(request)
               ^^^^^^^^^^^^^^^^^^^^^
  File "/Users/josegalan/Documents/jersey_artwork/venv/lib/python3.12/site-packages/django/core/handlers/base.py", line 220, in _get_response
    response = response.render()
               ^^^^^^^^^^^^^^^^^
  File "/Users/josegalan/Documents/jersey_artwork/venv/lib/python3.12/site-packages/django/template/response.py", line 114, in render
    self.content = self.rendered_content
                   ^^^^^^^^^^^^^^^^^^^^^
  File "/Users/josegalan/Documents/jersey_artwork/venv/lib/python3.12/site-packages/django/template/response.py", line 90, in rendered_content
    template = self.resolve_template(self.template_name)
               ^^^^^^^^^^^^^^^^^^^^^^^^^^^^^^^^^^^^^^^^^
  File "/Users/josegalan/Documents/jersey_artwork/venv/lib/python3.12/site-packages/django/template/response.py", line 72, in resolve_template
    return select_template(template, using=self.using)
           ^^^^^^^^^^^^^^^^^^^^^^^^^^^^^^^^^^^^^^^^^^^
  File "/Users/josegalan/Documents/jersey_artwork/venv/lib/python3.12/site-packages/django/template/loader.py", line 47, in select_template
    raise TemplateDoesNotExist(", ".join(template_name_list), chain=chain)
django.template.exceptions.TemplateDoesNotExist: orders/artist_order_detail.html

======================================================================
ERROR: test_guest_order_tracking (orders.tests.test_orders.CustomerOrderViewTests.test_guest_order_tracking)
Test guest order tracking with order number and email.
----------------------------------------------------------------------
Traceback (most recent call last):
  File "/Users/josegalan/Documents/jersey_artwork/orders/tests/test_orders.py", line 430, in test_guest_order_tracking
    response = self.client.post(
               ^^^^^^^^^^^^^^^^^
  File "/Users/josegalan/Documents/jersey_artwork/venv/lib/python3.12/site-packages/django/test/client.py", line 1070, in post
    response = super().post(
               ^^^^^^^^^^^^^
  File "/Users/josegalan/Documents/jersey_artwork/venv/lib/python3.12/site-packages/django/test/client.py", line 490, in post
    return self.generic(
           ^^^^^^^^^^^^^
  File "/Users/josegalan/Documents/jersey_artwork/venv/lib/python3.12/site-packages/django/test/client.py", line 617, in generic
    return self.request(**r)
           ^^^^^^^^^^^^^^^^^
  File "/Users/josegalan/Documents/jersey_artwork/venv/lib/python3.12/site-packages/django/test/client.py", line 1013, in request
    self.check_exception(response)
  File "/Users/josegalan/Documents/jersey_artwork/venv/lib/python3.12/site-packages/django/test/client.py", line 743, in check_exception
    raise exc_value
  File "/Users/josegalan/Documents/jersey_artwork/venv/lib/python3.12/site-packages/django/core/handlers/exception.py", line 55, in inner
    response = get_response(request)
               ^^^^^^^^^^^^^^^^^^^^^
  File "/Users/josegalan/Documents/jersey_artwork/venv/lib/python3.12/site-packages/django/core/handlers/base.py", line 197, in _get_response
    response = wrapped_callback(request, *callback_args, **callback_kwargs)
               ^^^^^^^^^^^^^^^^^^^^^^^^^^^^^^^^^^^^^^^^^^^^^^^^^^^^^^^^^^^^
  File "/Users/josegalan/Documents/jersey_artwork/venv/lib/python3.12/site-packages/django/views/generic/base.py", line 104, in view
    return self.dispatch(request, *args, **kwargs)
           ^^^^^^^^^^^^^^^^^^^^^^^^^^^^^^^^^^^^^^^
  File "/Users/josegalan/Documents/jersey_artwork/venv/lib/python3.12/site-packages/django/views/generic/base.py", line 143, in dispatch
    return handler(request, *args, **kwargs)
           ^^^^^^^^^^^^^^^^^^^^^^^^^^^^^^^^^
  File "/Users/josegalan/Documents/jersey_artwork/orders/views.py", line 170, in post
    return render(request, 'orders/guest_tracking_result.html', context)
           ^^^^^^^^^^^^^^^^^^^^^^^^^^^^^^^^^^^^^^^^^^^^^^^^^^^^^^^^^^^^^
  File "/Users/josegalan/Documents/jersey_artwork/venv/lib/python3.12/site-packages/django/shortcuts.py", line 25, in render
    content = loader.render_to_string(template_name, context, request, using=using)
              ^^^^^^^^^^^^^^^^^^^^^^^^^^^^^^^^^^^^^^^^^^^^^^^^^^^^^^^^^^^^^^^^^^^^^
  File "/Users/josegalan/Documents/jersey_artwork/venv/lib/python3.12/site-packages/django/template/loader.py", line 61, in render_to_string
    template = get_template(template_name, using=using)
               ^^^^^^^^^^^^^^^^^^^^^^^^^^^^^^^^^^^^^^^^
  File "/Users/josegalan/Documents/jersey_artwork/venv/lib/python3.12/site-packages/django/template/loader.py", line 19, in get_template
    raise TemplateDoesNotExist(template_name, chain=chain)
django.template.exceptions.TemplateDoesNotExist: orders/guest_tracking_result.html

======================================================================
ERROR: test_guest_order_tracking_wrong_email (orders.tests.test_orders.CustomerOrderViewTests.test_guest_order_tracking_wrong_email)
Test guest tracking fails with wrong email.
----------------------------------------------------------------------
Traceback (most recent call last):
  File "/Users/josegalan/Documents/jersey_artwork/orders/views.py", line 159, in post
    order = Order.objects.get(
            ^^^^^^^^^^^^^^^^^^
  File "/Users/josegalan/Documents/jersey_artwork/venv/lib/python3.12/site-packages/django/db/models/manager.py", line 87, in manager_method
    return getattr(self.get_queryset(), name)(*args, **kwargs)
           ^^^^^^^^^^^^^^^^^^^^^^^^^^^^^^^^^^^^^^^^^^^^^^^^^^^
  File "/Users/josegalan/Documents/jersey_artwork/venv/lib/python3.12/site-packages/django/db/models/query.py", line 649, in get
    raise self.model.DoesNotExist(
orders.models.Order.DoesNotExist: Order matching query does not exist.

During handling of the above exception, another exception occurred:

Traceback (most recent call last):
  File "/Users/josegalan/Documents/jersey_artwork/orders/tests/test_orders.py", line 443, in test_guest_order_tracking_wrong_email
    response = self.client.post(
               ^^^^^^^^^^^^^^^^^
  File "/Users/josegalan/Documents/jersey_artwork/venv/lib/python3.12/site-packages/django/test/client.py", line 1070, in post
    response = super().post(
               ^^^^^^^^^^^^^
  File "/Users/josegalan/Documents/jersey_artwork/venv/lib/python3.12/site-packages/django/test/client.py", line 490, in post
    return self.generic(
           ^^^^^^^^^^^^^
  File "/Users/josegalan/Documents/jersey_artwork/venv/lib/python3.12/site-packages/django/test/client.py", line 617, in generic
    return self.request(**r)
           ^^^^^^^^^^^^^^^^^
  File "/Users/josegalan/Documents/jersey_artwork/venv/lib/python3.12/site-packages/django/test/client.py", line 1013, in request
    self.check_exception(response)
  File "/Users/josegalan/Documents/jersey_artwork/venv/lib/python3.12/site-packages/django/test/client.py", line 743, in check_exception
    raise exc_value
  File "/Users/josegalan/Documents/jersey_artwork/venv/lib/python3.12/site-packages/django/core/handlers/exception.py", line 55, in inner
    response = get_response(request)
               ^^^^^^^^^^^^^^^^^^^^^
  File "/Users/josegalan/Documents/jersey_artwork/venv/lib/python3.12/site-packages/django/core/handlers/base.py", line 197, in _get_response
    response = wrapped_callback(request, *callback_args, **callback_kwargs)
               ^^^^^^^^^^^^^^^^^^^^^^^^^^^^^^^^^^^^^^^^^^^^^^^^^^^^^^^^^^^^
  File "/Users/josegalan/Documents/jersey_artwork/venv/lib/python3.12/site-packages/django/views/generic/base.py", line 104, in view
    return self.dispatch(request, *args, **kwargs)
           ^^^^^^^^^^^^^^^^^^^^^^^^^^^^^^^^^^^^^^^
  File "/Users/josegalan/Documents/jersey_artwork/venv/lib/python3.12/site-packages/django/views/generic/base.py", line 143, in dispatch
    return handler(request, *args, **kwargs)
           ^^^^^^^^^^^^^^^^^^^^^^^^^^^^^^^^^
  File "/Users/josegalan/Documents/jersey_artwork/orders/views.py", line 174, in post
    return render(request, self.template_name)
           ^^^^^^^^^^^^^^^^^^^^^^^^^^^^^^^^^^^
  File "/Users/josegalan/Documents/jersey_artwork/venv/lib/python3.12/site-packages/django/shortcuts.py", line 25, in render
    content = loader.render_to_string(template_name, context, request, using=using)
              ^^^^^^^^^^^^^^^^^^^^^^^^^^^^^^^^^^^^^^^^^^^^^^^^^^^^^^^^^^^^^^^^^^^^^
  File "/Users/josegalan/Documents/jersey_artwork/venv/lib/python3.12/site-packages/django/template/loader.py", line 61, in render_to_string
    template = get_template(template_name, using=using)
               ^^^^^^^^^^^^^^^^^^^^^^^^^^^^^^^^^^^^^^^^
  File "/Users/josegalan/Documents/jersey_artwork/venv/lib/python3.12/site-packages/django/template/loader.py", line 19, in get_template
    raise TemplateDoesNotExist(template_name, chain=chain)
django.template.exceptions.TemplateDoesNotExist: orders/guest_tracking.html

======================================================================
ERROR: test_artist_can_handle_refund_request (orders.tests.test_orders.RefundRequestTests.test_artist_can_handle_refund_request)
Test artist can approve/reject refund requests.
----------------------------------------------------------------------
Traceback (most recent call last):
  File "/Users/josegalan/Documents/jersey_artwork/orders/tests/test_orders.py", line 691, in test_artist_can_handle_refund_request
    response = self.client.get(
               ^^^^^^^^^^^^^^^^
  File "/Users/josegalan/Documents/jersey_artwork/venv/lib/python3.12/site-packages/django/test/client.py", line 1049, in get
    response = super().get(path, data=data, secure=secure, headers=headers, **extra)
               ^^^^^^^^^^^^^^^^^^^^^^^^^^^^^^^^^^^^^^^^^^^^^^^^^^^^^^^^^^^^^^^^^^^^^
  File "/Users/josegalan/Documents/jersey_artwork/venv/lib/python3.12/site-packages/django/test/client.py", line 465, in get
    return self.generic(
           ^^^^^^^^^^^^^
  File "/Users/josegalan/Documents/jersey_artwork/venv/lib/python3.12/site-packages/django/test/client.py", line 617, in generic
    return self.request(**r)
           ^^^^^^^^^^^^^^^^^
  File "/Users/josegalan/Documents/jersey_artwork/venv/lib/python3.12/site-packages/django/test/client.py", line 1013, in request
    self.check_exception(response)
  File "/Users/josegalan/Documents/jersey_artwork/venv/lib/python3.12/site-packages/django/test/client.py", line 743, in check_exception
    raise exc_value
  File "/Users/josegalan/Documents/jersey_artwork/venv/lib/python3.12/site-packages/django/core/handlers/exception.py", line 55, in inner
    response = get_response(request)
               ^^^^^^^^^^^^^^^^^^^^^
  File "/Users/josegalan/Documents/jersey_artwork/venv/lib/python3.12/site-packages/django/core/handlers/base.py", line 197, in _get_response
    response = wrapped_callback(request, *callback_args, **callback_kwargs)
               ^^^^^^^^^^^^^^^^^^^^^^^^^^^^^^^^^^^^^^^^^^^^^^^^^^^^^^^^^^^^
  File "/Users/josegalan/Documents/jersey_artwork/venv/lib/python3.12/site-packages/django/views/generic/base.py", line 104, in view
    return self.dispatch(request, *args, **kwargs)
           ^^^^^^^^^^^^^^^^^^^^^^^^^^^^^^^^^^^^^^^
  File "/Users/josegalan/Documents/jersey_artwork/orders/views.py", line 563, in dispatch
    return super().dispatch(request, *args, **kwargs)
           ^^^^^^^^^^^^^^^^^^^^^^^^^^^^^^^^^^^^^^^^^^
  File "/Users/josegalan/Documents/jersey_artwork/venv/lib/python3.12/site-packages/django/contrib/auth/mixins.py", line 73, in dispatch
    return super().dispatch(request, *args, **kwargs)
           ^^^^^^^^^^^^^^^^^^^^^^^^^^^^^^^^^^^^^^^^^^
  File "/Users/josegalan/Documents/jersey_artwork/venv/lib/python3.12/site-packages/django/views/generic/base.py", line 143, in dispatch
    return handler(request, *args, **kwargs)
           ^^^^^^^^^^^^^^^^^^^^^^^^^^^^^^^^^
  File "/Users/josegalan/Documents/jersey_artwork/venv/lib/python3.12/site-packages/django/views/generic/edit.py", line 142, in get
    return self.render_to_response(self.get_context_data())
                                   ^^^^^^^^^^^^^^^^^^^^^^^
  File "/Users/josegalan/Documents/jersey_artwork/orders/views.py", line 566, in get_context_data
    context = super().get_context_data(**kwargs)
              ^^^^^^^^^^^^^^^^^^^^^^^^^^^^^^^^^^
  File "/Users/josegalan/Documents/jersey_artwork/venv/lib/python3.12/site-packages/django/views/generic/edit.py", line 72, in get_context_data
    kwargs["form"] = self.get_form()
                     ^^^^^^^^^^^^^^^
  File "/Users/josegalan/Documents/jersey_artwork/venv/lib/python3.12/site-packages/django/views/generic/edit.py", line 37, in get_form
    return form_class(**self.get_form_kwargs())
           ^^^^^^^^^^^^^^^^^^^^^^^^^^^^^^^^^^^^
TypeError: 'NoneType' object is not callable

======================================================================
ERROR: test_cannot_request_refund_for_pending_order (orders.tests.test_orders.RefundRequestTests.test_cannot_request_refund_for_pending_order)
Test cannot request refund for pending order.
----------------------------------------------------------------------
Traceback (most recent call last):
  File "/Users/josegalan/Documents/jersey_artwork/orders/tests/test_orders.py", line 670, in test_cannot_request_refund_for_pending_order
    response = self.client.get(
               ^^^^^^^^^^^^^^^^
  File "/Users/josegalan/Documents/jersey_artwork/venv/lib/python3.12/site-packages/django/test/client.py", line 1049, in get
    response = super().get(path, data=data, secure=secure, headers=headers, **extra)
               ^^^^^^^^^^^^^^^^^^^^^^^^^^^^^^^^^^^^^^^^^^^^^^^^^^^^^^^^^^^^^^^^^^^^^
  File "/Users/josegalan/Documents/jersey_artwork/venv/lib/python3.12/site-packages/django/test/client.py", line 465, in get
    return self.generic(
           ^^^^^^^^^^^^^
  File "/Users/josegalan/Documents/jersey_artwork/venv/lib/python3.12/site-packages/django/test/client.py", line 617, in generic
    return self.request(**r)
           ^^^^^^^^^^^^^^^^^
  File "/Users/josegalan/Documents/jersey_artwork/venv/lib/python3.12/site-packages/django/test/client.py", line 1013, in request
    self.check_exception(response)
  File "/Users/josegalan/Documents/jersey_artwork/venv/lib/python3.12/site-packages/django/test/client.py", line 743, in check_exception
    raise exc_value
  File "/Users/josegalan/Documents/jersey_artwork/venv/lib/python3.12/site-packages/django/core/handlers/exception.py", line 55, in inner
    response = get_response(request)
               ^^^^^^^^^^^^^^^^^^^^^
  File "/Users/josegalan/Documents/jersey_artwork/venv/lib/python3.12/site-packages/django/core/handlers/base.py", line 220, in _get_response
    response = response.render()
               ^^^^^^^^^^^^^^^^^
  File "/Users/josegalan/Documents/jersey_artwork/venv/lib/python3.12/site-packages/django/template/response.py", line 114, in render
    self.content = self.rendered_content
                   ^^^^^^^^^^^^^^^^^^^^^
  File "/Users/josegalan/Documents/jersey_artwork/venv/lib/python3.12/site-packages/django/template/response.py", line 90, in rendered_content
    template = self.resolve_template(self.template_name)
               ^^^^^^^^^^^^^^^^^^^^^^^^^^^^^^^^^^^^^^^^^
  File "/Users/josegalan/Documents/jersey_artwork/venv/lib/python3.12/site-packages/django/template/response.py", line 72, in resolve_template
    return select_template(template, using=self.using)
           ^^^^^^^^^^^^^^^^^^^^^^^^^^^^^^^^^^^^^^^^^^^
  File "/Users/josegalan/Documents/jersey_artwork/venv/lib/python3.12/site-packages/django/template/loader.py", line 42, in select_template
    return engine.get_template(template_name)
           ^^^^^^^^^^^^^^^^^^^^^^^^^^^^^^^^^^
  File "/Users/josegalan/Documents/jersey_artwork/venv/lib/python3.12/site-packages/django/template/backends/django.py", line 33, in get_template
    return Template(self.engine.get_template(template_name), self)
                    ^^^^^^^^^^^^^^^^^^^^^^^^^^^^^^^^^^^^^^^
  File "/Users/josegalan/Documents/jersey_artwork/venv/lib/python3.12/site-packages/django/template/engine.py", line 177, in get_template
    template, origin = self.find_template(template_name)
                       ^^^^^^^^^^^^^^^^^^^^^^^^^^^^^^^^^
  File "/Users/josegalan/Documents/jersey_artwork/venv/lib/python3.12/site-packages/django/template/engine.py", line 159, in find_template
    template = loader.get_template(name, skip=skip)
               ^^^^^^^^^^^^^^^^^^^^^^^^^^^^^^^^^^^^
  File "/Users/josegalan/Documents/jersey_artwork/venv/lib/python3.12/site-packages/django/template/loaders/cached.py", line 57, in get_template
    template = super().get_template(template_name, skip)
               ^^^^^^^^^^^^^^^^^^^^^^^^^^^^^^^^^^^^^^^^^
  File "/Users/josegalan/Documents/jersey_artwork/venv/lib/python3.12/site-packages/django/template/loaders/base.py", line 28, in get_template
    return Template(
           ^^^^^^^^^
  File "/Users/josegalan/Documents/jersey_artwork/venv/lib/python3.12/site-packages/django/template/base.py", line 154, in __init__
    self.nodelist = self.compile_nodelist()
                    ^^^^^^^^^^^^^^^^^^^^^^^
  File "/Users/josegalan/Documents/jersey_artwork/venv/lib/python3.12/site-packages/django/template/base.py", line 196, in compile_nodelist
    return parser.parse()
           ^^^^^^^^^^^^^^
  File "/Users/josegalan/Documents/jersey_artwork/venv/lib/python3.12/site-packages/django/template/base.py", line 510, in parse
    raise self.error(token, e)
  File "/Users/josegalan/Documents/jersey_artwork/venv/lib/python3.12/site-packages/django/template/base.py", line 508, in parse
    compiled_result = compile_func(self, token)
                      ^^^^^^^^^^^^^^^^^^^^^^^^^
  File "/Users/josegalan/Documents/jersey_artwork/venv/lib/python3.12/site-packages/django/template/loader_tags.py", line 295, in do_extends
    nodelist = parser.parse()
               ^^^^^^^^^^^^^^
  File "/Users/josegalan/Documents/jersey_artwork/venv/lib/python3.12/site-packages/django/template/base.py", line 510, in parse
    raise self.error(token, e)
  File "/Users/josegalan/Documents/jersey_artwork/venv/lib/python3.12/site-packages/django/template/base.py", line 508, in parse
    compiled_result = compile_func(self, token)
                      ^^^^^^^^^^^^^^^^^^^^^^^^^
  File "/Users/josegalan/Documents/jersey_artwork/venv/lib/python3.12/site-packages/django/template/loader_tags.py", line 234, in do_block
    nodelist = parser.parse(("endblock",))
               ^^^^^^^^^^^^^^^^^^^^^^^^^^^
  File "/Users/josegalan/Documents/jersey_artwork/venv/lib/python3.12/site-packages/django/template/base.py", line 510, in parse
    raise self.error(token, e)
  File "/Users/josegalan/Documents/jersey_artwork/venv/lib/python3.12/site-packages/django/template/base.py", line 508, in parse
    compiled_result = compile_func(self, token)
                      ^^^^^^^^^^^^^^^^^^^^^^^^^
  File "/Users/josegalan/Documents/jersey_artwork/venv/lib/python3.12/site-packages/django/template/defaulttags.py", line 860, in do_for
    sequence = parser.compile_filter(bits[in_index + 1])
               ^^^^^^^^^^^^^^^^^^^^^^^^^^^^^^^^^^^^^^^^^
  File "/Users/josegalan/Documents/jersey_artwork/venv/lib/python3.12/site-packages/django/template/base.py", line 597, in compile_filter
    return FilterExpression(token, self)
           ^^^^^^^^^^^^^^^^^^^^^^^^^^^^^
  File "/Users/josegalan/Documents/jersey_artwork/venv/lib/python3.12/site-packages/django/template/base.py", line 693, in __init__
    filter_func = parser.find_filter(filter_name)
                  ^^^^^^^^^^^^^^^^^^^^^^^^^^^^^^^
  File "/Users/josegalan/Documents/jersey_artwork/venv/lib/python3.12/site-packages/django/template/base.py", line 603, in find_filter
    raise TemplateSyntaxError("Invalid filter: '%s'" % filter_name)
django.template.exceptions.TemplateSyntaxError: Invalid filter: 'groupby'

======================================================================
FAIL: test_customer_can_request_refund (orders.tests.test_orders.RefundRequestTests.test_customer_can_request_refund)
Test customer can request refund for delivered order.
----------------------------------------------------------------------
Traceback (most recent call last):
  File "/Users/josegalan/Documents/jersey_artwork/orders/tests/test_orders.py", line 639, in test_customer_can_request_refund
    self.assertEqual(response.status_code, 200)
AssertionError: 302 != 200

----------------------------------------------------------------------
Ran 28 tests in 5.252s

FAILED (failures=1, errors=6)
Destroying test database for alias 'default'...
